./root
./run
./usr
./usr/bin
./usr/local
./usr/local/bin
./usr/local/www
./usr/local/lib
./usr/local/lib/ipmi
./usr/local/platform
./usr/local/pdk
./usr/lib/%MULTI_ARCH_LIB%
./usr/lib/rsyslog
./usr/sbin
./usr/share
./usr/share/zoneinfo/
./usr/share/zoneinfo/Etc
./bin
./conf
./bkupconf
./initrd
./proc
./etc
./etc/rcS.d
./etc/rc1.d
./etc/rc2.d
./etc/rc3.d
./etc/rc5.d
./etc/rc4.d
./etc/rc6.d
./etc/rc7.d
./etc/rc9.d
./etc/rc8.d
./etc/defconfig
./etc/iproute2
./etc/samba
./etc/security
./etc/network
./etc/network/if-post-down.d
./etc/network/if-pre-up.d
./etc/network/if-up.d
./etc/network/if-down.d
./etc/network/udhcpc.d
./etc/init.d
./etc/ssh
./etc/cron.d
./etc/logrotate.d
./etc/pam.d
./etc/stunnel
./etc/default
./var
./selinux
./home
./lib/%MULTI_ARCH_LIB%
./lib/iptables
./lib/%MULTI_ARCH_LIB%/security
./lib/init
./lib/lsb
./lib/modules
./lib/modules/generic
./lib/modules/generic/kernel
./lib/modules/generic/misc
./lib/modules/generic/pcmcia
./sbin
./mnt
./mnt/fwupdate
./boot
./sys
./dev
./dev/pts
./dev/shm

#Location of public keys for Key based authentication for root SSH
./conf/root.ssh
./etc/defconfig/root.ssh

#Location of user directory and ssh directory for ipmi users
./conf/user_home
./etc/defconfig/user_home
